resources:
- name: outgoing
  resource:
    '@type': type.googleapis.com/envoy.config.cluster.v3.Cluster
    name: outgoing
