resources:
- name: _kuma:dynamicconfig
  resource:
    '@type': type.googleapis.com/envoy.config.listener.v3.Listener
    address:
      pipe:
        path: /tmp/kuma-mesh-metric-config.sock
    filterChains:
    - filters:
      - name: envoy.filters.network.http_connection_manager
        typedConfig:
          '@type': type.googleapis.com/envoy.extensions.filters.network.http_connection_manager.v3.HttpConnectionManager
          httpFilters:
          - name: envoy.filters.http.router
            typedConfig:
              '@type': type.googleapis.com/envoy.extensions.filters.http.router.v3.Router
          internalAddressConfig:
            cidrRanges:
            - addressPrefix: 127.0.0.1
              prefixLen: 32
            - addressPrefix: ::1
              prefixLen: 128
          routeConfig:
            virtualHosts:
            - domains:
              - '*'
              name: _kuma:dynamicconfig
              routes:
              - directResponse:
                  status: 304
                match:
                  headers:
                  - name: If-None-Match
                    stringMatch:
                      exact: 1099e72935175603d760acc201c89a36f29e761ca1de0501d4c0bc4ba28646fb
                  path: /meshmetric
              - directResponse:
                  body:
                    inlineString: '{"observability":{"metrics":{"applications":[{"path":"/metrics","port":8080,"address":""}],"backends":[{"type":"OpenTelemetry","name":"otel-collector.observability.svc-4317","openTelemetry":{"endpoint":"/tmp/kuma-otel-otel-collector.observability.svc-4317.sock","refreshInterval":"10s"}}],"extraLabels":{"kuma_io_service":"backend","kuma_io_services":",backend,"}}}}'
                  status: 200
                match:
                  path: /meshmetric
                name: _kuma:dynamicconfig:/meshmetric
                responseHeadersToAdd:
                - header:
                    key: Etag
                    value: 1099e72935175603d760acc201c89a36f29e761ca1de0501d4c0bc4ba28646fb
          statPrefix: _kuma_dynamicconfig
    name: _kuma:dynamicconfig
- name: _kuma:metrics:opentelemetry:otel-collector.observability.svc-4317
  resource:
    '@type': type.googleapis.com/envoy.config.listener.v3.Listener
    address:
      pipe:
        path: /tmp/kuma-otel-otel-collector.observability.svc-4317.sock
    filterChains:
    - filters:
      - name: envoy.filters.network.http_connection_manager
        typedConfig:
          '@type': type.googleapis.com/envoy.extensions.filters.network.http_connection_manager.v3.HttpConnectionManager
          httpFilters:
          - name: envoy.filters.http.grpc_stats
            typedConfig:
              '@type': type.googleapis.com/envoy.extensions.filters.http.grpc_stats.v3.FilterConfig
              emitFilterState: true
          - name: envoy.filters.http.router
            typedConfig:
              '@type': type.googleapis.com/envoy.extensions.filters.http.router.v3.Router
          internalAddressConfig:
            cidrRanges:
            - addressPrefix: 127.0.0.1
              prefixLen: 32
            - addressPrefix: ::1
              prefixLen: 128
          routeConfig:
            validateClusters: false
            virtualHosts:
            - domains:
              - '*'
              name: _kuma:metrics:opentelemetry:otel-collector.observability.svc-4317
              routes:
              - match:
                  prefix: /
                route:
                  cluster: _kuma:metrics:opentelemetry:otel-collector.observability.svc-4317
          statPrefix: _kuma_metrics_opentelemetry_otel-collector_observability_svc-4317
    name: _kuma:metrics:opentelemetry:otel-collector.observability.svc-4317
