resources:
- name: _kuma:dynamicconfig:observability
  resource:
    '@type': type.googleapis.com/envoy.config.listener.v3.Listener
    address:
      pipe:
        path: kuma-mesh-metric-config.sock
    filterChains:
    - filters:
      - name: envoy.filters.network.http_connection_manager
        typedConfig:
          '@type': type.googleapis.com/envoy.extensions.filters.network.http_connection_manager.v3.HttpConnectionManager
          httpFilters:
          - name: envoy.filters.http.router
            typedConfig:
              '@type': type.googleapis.com/envoy.extensions.filters.http.router.v3.Router
          routeConfig:
            virtualHosts:
            - domains:
              - '*'
              name: _kuma:dynamicconfig:observability
              routes:
              - directResponse:
                  body:
                    inlineString: '{"observability":{"metrics":{"applications":null,"backends":[{"type":"Prometheus","name":null}]}}}'
                  status: 200
                match:
                  prefix: /
          statPrefix: _kuma_dynamicconfig_observability
    name: _kuma:dynamicconfig:observability
- name: _kuma:metrics:prometheus:default-backend
  resource:
    '@type': type.googleapis.com/envoy.config.listener.v3.Listener
    address:
      socketAddress:
        address: 192.168.0.1
        portValue: 5670
    enableReusePort: false
    filterChains:
    - filterChainMatch:
        transportProtocol: tls
      filters:
      - name: envoy.filters.network.http_connection_manager
        typedConfig:
          '@type': type.googleapis.com/envoy.extensions.filters.network.http_connection_manager.v3.HttpConnectionManager
          httpFilters:
          - name: envoy.filters.http.router
            typedConfig:
              '@type': type.googleapis.com/envoy.extensions.filters.http.router.v3.Router
          routeConfig:
            validateClusters: false
            virtualHosts:
            - domains:
              - '*'
              name: _kuma:metrics:prometheus:default-backend
              routes:
              - match:
                  prefix: /metrics
                route:
                  cluster: _kuma:metrics:hijacker
                  prefixRewrite: /meshmetric
          statPrefix: _kuma_metrics_prometheus_default-backend
    - filters:
      - name: envoy.filters.network.http_connection_manager
        typedConfig:
          '@type': type.googleapis.com/envoy.extensions.filters.network.http_connection_manager.v3.HttpConnectionManager
          httpFilters:
          - name: envoy.filters.http.router
            typedConfig:
              '@type': type.googleapis.com/envoy.extensions.filters.http.router.v3.Router
          routeConfig:
            validateClusters: false
            virtualHosts:
            - domains:
              - '*'
              name: _kuma:metrics:prometheus:default-backend
              routes:
              - match:
                  prefix: /metrics
                route:
                  cluster: _kuma:metrics:hijacker
                  prefixRewrite: /meshmetric
          statPrefix: _kuma_metrics_prometheus_default-backend
      transportSocket:
        name: envoy.transport_sockets.tls
        typedConfig:
          '@type': type.googleapis.com/envoy.extensions.transport_sockets.tls.v3.DownstreamTlsContext
          commonTlsContext:
            tlsCertificates:
            - certificateChain:
                filename: /path/cert
              privateKey:
                filename: /path/key
    name: _kuma:metrics:prometheus:default-backend
    trafficDirection: INBOUND
