items:
- creationTime: "0001-01-01T00:00:00Z"
  mesh: mesh-1
  modificationTime: "0001-01-01T00:00:00Z"
  name: mtp-1
  spec:
    targetRef:
      kind: MeshHTTPRoute
      name: http-route-1
    to:
    - default:
        http:
          requestTimeout: 3s
      targetRef:
        kind: Mesh
  type: MeshTimeout
next: null
total: 0
