kri_m____mesh-1_:
  Conf:
  - connectionTimeout: 10s
    http:
      requestTimeout: 5s
  Origin:
  - Resource:
      CreationTime: "0001-01-01T00:00:00Z"
      Labels:
        k8s.kuma.io/namespace: ns-k8s
        kuma.io/display-name: matched-for-rules-mt-1
        kuma.io/mesh: mesh-1
        kuma.io/origin: global
      Mesh: mesh-1
      ModificationTime: "0001-01-01T00:00:00Z"
      Name: matched-for-rules-mt-1.ns-k8s
      NameExtensions:
        k8s.kuma.io/name: matched-for-rules-mt-1
        k8s.kuma.io/namespace: ns-k8s
      Version: ""
    RuleIndex: 2
  OriginByMatches: {}
  Resource:
    creationTime: "0001-01-01T00:00:00Z"
    modificationTime: "0001-01-01T00:00:00Z"
    name: mesh-1
    type: Mesh
  ResourceSectionName: ""
kri_mhttpr_mesh-1__ns-k8s_http-route-1_:
  Conf:
  - connectionTimeout: 10s
    http:
      requestTimeout: 15s
  Origin:
  - Resource:
      CreationTime: "0001-01-01T00:00:00Z"
      Labels:
        k8s.kuma.io/namespace: ns-k8s
        kuma.io/display-name: matched-for-rules-mt-1
        kuma.io/mesh: mesh-1
        kuma.io/origin: global
      Mesh: mesh-1
      ModificationTime: "0001-01-01T00:00:00Z"
      Name: matched-for-rules-mt-1.ns-k8s
      NameExtensions:
        k8s.kuma.io/name: matched-for-rules-mt-1
        k8s.kuma.io/namespace: ns-k8s
      Version: ""
    RuleIndex: 2
  - Resource:
      CreationTime: "0001-01-01T00:00:00Z"
      Labels:
        k8s.kuma.io/namespace: ns-k8s
        kuma.io/display-name: matched-for-rules-mt-1
        kuma.io/mesh: mesh-1
        kuma.io/origin: global
      Mesh: mesh-1
      ModificationTime: "0001-01-01T00:00:00Z"
      Name: matched-for-rules-mt-1.ns-k8s
      NameExtensions:
        k8s.kuma.io/name: matched-for-rules-mt-1
        k8s.kuma.io/namespace: ns-k8s
      Version: ""
    RuleIndex: 1
  OriginByMatches: {}
  Resource:
    CreationTime: "0001-01-01T00:00:00Z"
    Labels:
      k8s.kuma.io/namespace: ns-k8s
      kuma.io/display-name: http-route-1
      kuma.io/mesh: mesh-1
      kuma.io/origin: global
    Mesh: mesh-1
    ModificationTime: "0001-01-01T00:00:00Z"
    Name: http-route-1.ns-k8s
    NameExtensions:
      k8s.kuma.io/name: http-route-1
      k8s.kuma.io/namespace: ns-k8s
    Version: ""
  ResourceSectionName: ""
kri_msvc_mesh-1__ns-k8s_backend_:
  Conf:
  - connectionTimeout: 10s
    http:
      requestTimeout: 25s
    idleTimeout: 30s
  Origin:
  - Resource:
      CreationTime: "0001-01-01T00:00:00Z"
      Labels:
        k8s.kuma.io/namespace: ns-k8s
        kuma.io/display-name: matched-for-rules-mt-1
        kuma.io/mesh: mesh-1
        kuma.io/origin: global
      Mesh: mesh-1
      ModificationTime: "0001-01-01T00:00:00Z"
      Name: matched-for-rules-mt-1.ns-k8s
      NameExtensions:
        k8s.kuma.io/name: matched-for-rules-mt-1
        k8s.kuma.io/namespace: ns-k8s
      Version: ""
    RuleIndex: 2
  - Resource:
      CreationTime: "0001-01-01T00:00:00Z"
      Labels:
        k8s.kuma.io/namespace: ns-k8s
        kuma.io/display-name: matched-for-rules-mt-1
        kuma.io/mesh: mesh-1
        kuma.io/origin: global
      Mesh: mesh-1
      ModificationTime: "0001-01-01T00:00:00Z"
      Name: matched-for-rules-mt-1.ns-k8s
      NameExtensions:
        k8s.kuma.io/name: matched-for-rules-mt-1
        k8s.kuma.io/namespace: ns-k8s
      Version: ""
    RuleIndex: 0
  OriginByMatches: {}
  Resource:
    CreationTime: "0001-01-01T00:00:00Z"
    Labels:
      k8s.kuma.io/namespace: ns-k8s
      kuma.io/display-name: backend
      kuma.io/mesh: mesh-1
      kuma.io/origin: global
    Mesh: mesh-1
    ModificationTime: "0001-01-01T00:00:00Z"
    Name: backend.ns-k8s
    NameExtensions:
      k8s.kuma.io/name: backend
      k8s.kuma.io/namespace: ns-k8s
    Version: ""
  ResourceSectionName: ""
