{
 "type": "/std-errors",
 "status": "400",
 "title": "Could not process a resource",
 "detail": "Resource is not valid",
 "invalid_parameters": [
  {
   "field": "name",
   "reason": "the length of the name must be shorter"
  }
 ],
 "details": "Resource is not valid",
 "causes": [
  {
   "field": "name",
   "message": "the length of the name must be shorter"
  }
 ]
}
