{
 "type": "/std-errors",
 "status": 400,
 "title": "Could not process a resource",
 "detail": "Resource is not valid",
 "invalid_parameters": [
  {
   "field": "labels[\"kuma.io/origin\"]",
   "reason": "the origin label must be set to 'zone'"
  }
 ],
 "details": "Resource is not valid",
 "causes": [
  {
   "field": "labels[\"kuma.io/origin\"]",
   "message": "the origin label must be set to 'zone'"
  }
 ]
}
