resources:
- name: backend
  resource:
    '@type': type.googleapis.com/envoy.config.endpoint.v3.ClusterLoadAssignment
    clusterName: backend
    endpoints:
    - lbEndpoints:
      - endpoint:
          address:
            socketAddress:
              address: 192.168.1.2
              portValue: 8080
        metadata:
          filterMetadata:
            envoy.lb:
              k8s.io/node: node2
              kuma.io/protocol: http
              kuma.io/zone: zone-1
            envoy.transport_socket_match:
              k8s.io/node: node2
              kuma.io/protocol: http
              kuma.io/zone: zone-1
      loadBalancingWeight: 1
      locality:
        zone: zone-1
    - lbEndpoints:
      - endpoint:
          address:
            socketAddress:
              address: 192.168.1.3
              portValue: 8080
        metadata:
          filterMetadata:
            envoy.lb:
              k8s.io/az: test
              kuma.io/protocol: http
              kuma.io/zone: zone-1
            envoy.transport_socket_match:
              k8s.io/az: test
              kuma.io/protocol: http
              kuma.io/zone: zone-1
      loadBalancingWeight: 900
      locality:
        subZone: k8s.io/az=test
        zone: zone-1
    - lbEndpoints:
      - endpoint:
          address:
            socketAddress:
              address: 192.168.1.1
              portValue: 8080
        metadata:
          filterMetadata:
            envoy.lb:
              k8s.io/node: node1
              kuma.io/protocol: http
              kuma.io/zone: zone-1
            envoy.transport_socket_match:
              k8s.io/node: node1
              kuma.io/protocol: http
              kuma.io/zone: zone-1
      loadBalancingWeight: 9000
      locality:
        subZone: k8s.io/node=node1
        zone: zone-1
    - lbEndpoints:
      - endpoint:
          address:
            socketAddress:
              address: 192.168.1.4
              portValue: 8080
        metadata:
          filterMetadata:
            envoy.lb:
              k8s.io/region: test
              kuma.io/protocol: http
              kuma.io/zone: zone-1
            envoy.transport_socket_match:
              k8s.io/region: test
              kuma.io/protocol: http
              kuma.io/zone: zone-1
      loadBalancingWeight: 90
      locality:
        subZone: k8s.io/region=test
        zone: zone-1
    policy:
      overprovisioningFactor: 200
