MESH      NAME
default   web1

Rerun command with --offset=1 argument to retrieve more resources
