MESH      NAME       AGE
default   secret-1   292y
