total: 2
items:
- creationTime: "0001-01-01T00:00:00Z"
  logging:
    backends:
      - name: logstash
        type: tcp
        conf:
          address: 127.0.0.1:5000
      - conf:
          path: /tmp/service.log
        type: file
        name: file
  metrics:
    enabledBackend: prometheus-1
    backends:
      - name: prometheus-1
        type: prometheus
        conf:
          path: /non-standard-path
          port: 1234
      - name: prometheus-2
        type: prometheus
        conf:
          path: /non-standard-path
          port: 1235
  modificationTime: "0001-01-01T00:00:00Z"
  mtls:
    backends:
      - name: builtin-1
        type: builtin
      - name: builtin-2
        type: builtin
    enabledBackend: builtin-1
  name: mesh1
  tracing:
    backends:
      - name: zipkin-us
        type: zipkin
        conf:
          url: http://zipkin.us:8080/v1/spans
      - name: zipkin-eu
        type: zipkin
        conf:
          url: http://zipkin.eu:8080/v1/spans
  type: Mesh
- creationTime: "0001-01-01T00:00:00Z"
  logging:
    backends: []
  metrics:
    backends: []
  modificationTime: "0001-01-01T00:00:00Z"
  name: mesh2
  tracing:
    backends: []
  type: Mesh
next: null
