{
  "total": 2,
  "items": [
    {
      "type": "Retry",
      "mesh": "default",
      "name": "web-to-backend",
      "creationTime": "0001-01-01T00:00:00Z",
      "modificationTime": "0001-01-01T00:00:00Z"
    },
    {
      "type": "Retry",
      "mesh": "default",
      "name": "backend-to-db",
      "creationTime": "0001-01-01T00:00:00Z",
      "modificationTime": "0001-01-01T00:00:00Z"
    }
  ],
  "next": null
}
