{
  "total": 2,
  "items": [
    {
      "type": "Dataplane",
      "mesh": "default",
      "name": "experiment",
      "creationTime": "0001-01-01T00:00:00Z",
      "modificationTime": "0001-01-01T00:00:00Z",
      "networking": {
        "address": "127.0.0.1",
        "inbound": [
          {
            "port": 8080,
            "servicePort": 80,
            "tags": {
              "service": "mobile",
              "version": "v1"
            }
          },
          {
            "port": 8090,
            "servicePort": 90,
            "tags": {
              "service": "metrics",
              "version": "v1"
            }
          }
        ]
      }
    },
    {
      "type": "Dataplane",
      "mesh": "default",
      "name": "example",
      "creationTime": "0001-01-01T00:00:00Z",
      "modificationTime": "0001-01-01T00:00:00Z",
      "networking": {
        "address": "127.0.0.2",
        "inbound": [
          {
            "port": 8080,
            "servicePort": 80,
            "tags": {
              "service": "web",
              "version": "v2"
            }
          }
        ]
      }
    }
  ],
  "next": null
}
