APIVersion: v3
Dataplane: null
Id: {}
Metadata: null
Policies:
  CircuitBreakers: null
  CustomInboundPolicies: null
  FaultInjections: null
  HealthChecks: null
  ProxyTemplate: null
  RateLimitsInbound: null
  RateLimitsOutbound: null
  Retries: null
  Timeouts: null
  TrafficLogs: null
  TrafficPermissions: null
  TrafficRoutes: null
  TrafficTrace: null
Routing:
  OutboundTargets: null
  TrafficRoutes: null
ZoneEgressProxy:
  MeshResourcesList:
  - EndpointMap:
      external-service-1:
      - ExternalService:
          AllowRenegotiation: false
          CaCert: null
          ClientCert: null
          ClientKey: null
          ServerName: ""
          TLSEnabled: false
        Locality: null
        Port: 90
        Tags:
          kuma.io/protocol: http
          kuma.io/service: external-service-1
          mesh: default
        Target: host.com
        UnixDomainPath: ""
        Weight: 1
      external-service-in-zone-2:
      - ExternalService:
          AllowRenegotiation: false
          CaCert: null
          ClientCert: null
          ClientKey: null
          ServerName: ""
          TLSEnabled: false
        Locality:
          Priority: 0
          Zone: zone-2
        Port: 20003
        Tags:
          kuma.io/service: external-service-in-zone-2
          kuma.io/zone: zone-2
          mesh: default
        Target: 7.7.7.7
        UnixDomainPath: ""
        Weight: 1
      external-service-zone-1:
      - ExternalService:
          AllowRenegotiation: false
          CaCert: null
          ClientCert: null
          ClientKey: null
          ServerName: ""
          TLSEnabled: false
        Locality:
          Priority: 0
          Zone: zone-1
        Port: 443
        Tags:
          kuma.io/service: external-service-zone-1
          kuma.io/zone: zone-1
          mesh: default
        Target: example.com
        UnixDomainPath: ""
        Weight: 1
      service-in-zone-2:
      - ExternalService: null
        Locality: null
        Port: 20003
        Tags:
          kuma.io/service: service-in-zone-2
          mesh: default
        Target: 7.7.7.7
        UnixDomainPath: ""
        Weight: 1
    ExternalServiceFaultInjections: {}
    ExternalServicePermissionMap:
      external-service-1:
        Meta:
          CreationTime: "2018-07-17T16:05:36.995Z"
          Mesh: default
          ModificationTime: "2018-07-17T16:05:36.995Z"
          Name: allow-all-default
          Version: 1
        Spec:
          destinations:
          - match:
              kuma.io/service: '*'
          sources:
          - match:
              kuma.io/service: '*'
      external-service-zone-1:
        Meta:
          CreationTime: "2018-07-17T16:05:36.995Z"
          Mesh: default
          ModificationTime: "2018-07-17T16:05:36.995Z"
          Name: allow-all-default
          Version: 1
        Spec:
          destinations:
          - match:
              kuma.io/service: '*'
          sources:
          - match:
              kuma.io/service: '*'
    ExternalServiceRateLimits: {}
    ExternalServices:
    - Meta:
        CreationTime: "2018-07-17T16:05:36.995Z"
        Mesh: default
        ModificationTime: "2018-07-17T16:05:36.995Z"
        Name: external-service-1
        Version: 1
      Spec:
        networking:
          address: host.com:90
        tags:
          kuma.io/protocol: http
          kuma.io/service: external-service-1
          mesh: default
    - Meta:
        CreationTime: "2018-07-17T16:05:36.995Z"
        Mesh: default
        ModificationTime: "2018-07-17T16:05:36.995Z"
        Name: external-service-zone-1
        Version: 1
      Spec:
        networking:
          address: example.com:443
        tags:
          kuma.io/service: external-service-zone-1
          kuma.io/zone: zone-1
          mesh: default
    Mesh:
      Meta:
        CreationTime: "2018-07-17T16:05:36.995Z"
        Mesh: ""
        ModificationTime: "2018-07-17T16:05:36.995Z"
        Name: default
        Version: 1
      Spec:
        mtls:
          backends:
          - name: builtin
            type: builtin
          enabledBackend: builtin
        routing:
          zoneEgress: true
    TrafficRoutes:
    - Meta:
        CreationTime: "2018-07-17T16:05:36.995Z"
        Mesh: default
        ModificationTime: "2018-07-17T16:05:36.995Z"
        Name: route-all-default
        Version: 1
      Spec:
        conf:
          destination:
            kuma.io/service: '*'
          load_balancer:
            LbType:
              RoundRobin: {}
        destinations:
        - match:
            kuma.io/service: '*'
        sources:
        - match:
            kuma.io/service: '*'
  ZoneEgressResource:
    Meta:
      CreationTime: "2018-07-17T16:05:36.995Z"
      Mesh: ""
      ModificationTime: "2018-07-17T16:05:36.995Z"
      Name: zone-egress-1
      Version: 1
    Spec:
      networking:
        address: 1.1.1.1
        port: 10002
      zone: zone-1
  ZoneIngresses:
  - Meta:
      CreationTime: "2018-07-17T16:05:36.995Z"
      Mesh: ""
      ModificationTime: "2018-07-17T16:05:36.995Z"
      Name: zone-ingress-zone-2
      Version: 1
    Spec:
      availableServices:
      - instances: 1
        mesh: default
        tags:
          kuma.io/service: service-in-zone-2
          mesh: default
      - externalService: true
        instances: 1
        mesh: default
        tags:
          kuma.io/service: external-service-in-zone-2
          kuma.io/zone: zone-2
          mesh: default
      networking:
        address: 6.6.6.6
        advertisedAddress: 7.7.7.7
        advertisedPort: 20003
        port: 20002
      zone: zone-2
ZoneIngress: null
ZoneIngressProxy: null
