Patches: null
allowed: false
status:
  code: 403
  message: Operation not allowed. 'kuma.io/origin' label should have 'global' value,
    got 'zone'
  metadata: {}
  reason: Forbidden
  status: Failure
uid: "12345"
