kri_mhttpr_mesh-1__ns-k8s_http-route-1_:
  Conf:
  - http:
      requestTimeout: 19s
  Origin:
  - Resource:
      CreationTime: "0001-01-01T00:00:00Z"
      Labels:
        k8s.kuma.io/namespace: ns-k8s
        kuma.io/display-name: matched-for-rules-mt-1
        kuma.io/mesh: mesh-1
        kuma.io/origin: global
      Mesh: mesh-1
      ModificationTime: "0001-01-01T00:00:00Z"
      Name: matched-for-rules-mt-1-x7x4w48vccc4f9vx
      NameExtensions: null
      Version: ""
    RuleIndex: 0
  OriginByMatches: {}
  Resource:
    CreationTime: "0001-01-01T00:00:00Z"
    Labels:
      k8s.kuma.io/namespace: ns-k8s
      kuma.io/display-name: http-route-1
      kuma.io/mesh: mesh-1
      kuma.io/origin: global
    Mesh: mesh-1
    ModificationTime: "0001-01-01T00:00:00Z"
    Name: http-route-1-bv2b744w86f46wvv
    NameExtensions: null
    Version: ""
  ResourceSectionName: ""
