{
  "total": 2,
  "items": [
    {
      "type": "TrafficRoute",
      "mesh": "default",
      "name": "web-to-backend",
      "creationTime": "0001-01-01T00:00:00Z",
      "modificationTime": "0001-01-01T00:00:00Z",
      "sources": [
        {
          "match": {
            "kuma.io/service": "*"
          }
        }
      ],
      "destinations": [
        {
          "match": {
            "kuma.io/service": "*"
          }
        }
      ],
      "conf": {
        "loadBalancer": {
          "roundRobin": {}
        },
        "destination": {
          "kuma.io/service": "*"
        }
      }
    },
    {
      "type": "TrafficRoute",
      "mesh": "default",
      "name": "backend-to-db",
      "creationTime": "0001-01-01T00:00:00Z",
      "modificationTime": "0001-01-01T00:00:00Z",
      "sources": [
        {
          "match": {
            "kuma.io/service": "*"
          }
        }
      ],
      "destinations": [
        {
          "match": {
            "kuma.io/service": "*"
          }
        }
      ],
      "conf": {
        "loadBalancer": {
          "roundRobin": {}
        },
        "destination": {
          "kuma.io/service": "*"
        }
      }
    }
  ],
  "next": null
}
