MESH      NAME    AGE
default   sec-1   292y
default   sec-2   292y
