resources:
- name: default_backend___msvc_80
  resource:
    '@type': type.googleapis.com/envoy.config.cluster.v3.Cluster
    edsClusterConfig:
      edsConfig:
        ads: {}
        initialFetchTimeout: 0s
        resourceApiVersion: V3
    name: default_backend___msvc_80
    type: EDS
    typedExtensionProtocolOptions:
      envoy.extensions.upstreams.http.v3.HttpProtocolOptions:
        '@type': type.googleapis.com/envoy.extensions.upstreams.http.v3.HttpProtocolOptions
        explicitHttpConfig:
          http2ProtocolOptions: {}
