resources:
- name: backend-bb38a94289f18fb9
  resource:
    '@type': type.googleapis.com/envoy.config.endpoint.v3.ClusterLoadAssignment
    clusterName: backend-bb38a94289f18fb9
    endpoints:
    - lbEndpoints:
      - endpoint:
          address:
            socketAddress:
              address: 192.168.0.4
              portValue: 8004
        loadBalancingWeight: 1
        metadata:
          filterMetadata:
            envoy.lb:
              kuma.io/protocol: kafka
              region: eu
            envoy.transport_socket_match:
              kuma.io/protocol: kafka
              region: eu
- name: backend-c72efb5be46fae6b
  resource:
    '@type': type.googleapis.com/envoy.config.endpoint.v3.ClusterLoadAssignment
    clusterName: backend-c72efb5be46fae6b
    endpoints:
    - lbEndpoints:
      - endpoint:
          address:
            socketAddress:
              address: 192.168.0.5
              portValue: 8005
        loadBalancingWeight: 1
        metadata:
          filterMetadata:
            envoy.lb:
              kuma.io/protocol: kafka
              region: us
            envoy.transport_socket_match:
              kuma.io/protocol: kafka
              region: us
