{
 "type": "/std-errors",
 "status": 404,
 "title": "Could not retrieve policy",
 "detail": "Not found",
 "details": "Not found"
}
