resources:
- name: sample-gateway:HTTP:8080:*
  resource:
    '@type': type.googleapis.com/envoy.config.route.v3.RouteConfiguration
    ignorePortInHostMatching: true
    name: sample-gateway:HTTP:8080:*
    requestHeadersToRemove:
    - x-kuma-tags
    validateClusters: false
    virtualHosts:
    - domains:
      - go.dev
      name: go.dev
      routes:
      - match:
          path: /wild-dev
        name: lLLrCSPQjG+oW7yjjvonBacpsCv4C2frWuEcfTc4Eh0=
        route:
          clusterNotFoundResponseCode: INTERNAL_SERVER_ERROR
          idleTimeout: 5s
          weightedClusters:
            clusters:
            - name: backend-26cb64fa4e85e7b7
              requestHeadersToAdd:
              - header:
                  key: x-kuma-tags
                  value: '&kuma.io/service=sample-gateway&'
              weight: 100
      - match:
          path: /go-dev
        name: 4+68EKCHui5s6csAInUo5tlEIKluTe170NtisyhQWFQ=
        route:
          clusterNotFoundResponseCode: INTERNAL_SERVER_ERROR
          idleTimeout: 5s
          weightedClusters:
            clusters:
            - name: backend-26cb64fa4e85e7b7
              requestHeadersToAdd:
              - header:
                  key: x-kuma-tags
                  value: '&kuma.io/service=sample-gateway&'
              weight: 100
      - match:
          path: /wild
        name: B1eCmxcX/xQ44MYKsaZEU7WFqFsae8v/C/SCaDgzRS0=
        route:
          clusterNotFoundResponseCode: INTERNAL_SERVER_ERROR
          idleTimeout: 5s
          weightedClusters:
            clusters:
            - name: backend-26cb64fa4e85e7b7
              requestHeadersToAdd:
              - header:
                  key: x-kuma-tags
                  value: '&kuma.io/service=sample-gateway&'
              weight: 100
      - match:
          prefix: /wild-dev/
        name: lLLrCSPQjG+oW7yjjvonBacpsCv4C2frWuEcfTc4Eh0=
        route:
          clusterNotFoundResponseCode: INTERNAL_SERVER_ERROR
          idleTimeout: 5s
          weightedClusters:
            clusters:
            - name: backend-26cb64fa4e85e7b7
              requestHeadersToAdd:
              - header:
                  key: x-kuma-tags
                  value: '&kuma.io/service=sample-gateway&'
              weight: 100
      - match:
          prefix: /go-dev/
        name: 4+68EKCHui5s6csAInUo5tlEIKluTe170NtisyhQWFQ=
        route:
          clusterNotFoundResponseCode: INTERNAL_SERVER_ERROR
          idleTimeout: 5s
          weightedClusters:
            clusters:
            - name: backend-26cb64fa4e85e7b7
              requestHeadersToAdd:
              - header:
                  key: x-kuma-tags
                  value: '&kuma.io/service=sample-gateway&'
              weight: 100
      - match:
          prefix: /wild/
        name: B1eCmxcX/xQ44MYKsaZEU7WFqFsae8v/C/SCaDgzRS0=
        route:
          clusterNotFoundResponseCode: INTERNAL_SERVER_ERROR
          idleTimeout: 5s
          weightedClusters:
            clusters:
            - name: backend-26cb64fa4e85e7b7
              requestHeadersToAdd:
              - header:
                  key: x-kuma-tags
                  value: '&kuma.io/service=sample-gateway&'
              weight: 100
    - domains:
      - other.dev
      name: other.dev
      routes:
      - match:
          path: /other-dev
        name: RVX/EBgfhvvo7WfJD6AAQb6Wigywd2s44SjLyeBKRto=
        route:
          clusterNotFoundResponseCode: INTERNAL_SERVER_ERROR
          idleTimeout: 5s
          weightedClusters:
            clusters:
            - name: backend-26cb64fa4e85e7b7
              requestHeadersToAdd:
              - header:
                  key: x-kuma-tags
                  value: '&kuma.io/service=sample-gateway&'
              weight: 100
      - match:
          path: /wild-dev
        name: lLLrCSPQjG+oW7yjjvonBacpsCv4C2frWuEcfTc4Eh0=
        route:
          clusterNotFoundResponseCode: INTERNAL_SERVER_ERROR
          idleTimeout: 5s
          weightedClusters:
            clusters:
            - name: backend-26cb64fa4e85e7b7
              requestHeadersToAdd:
              - header:
                  key: x-kuma-tags
                  value: '&kuma.io/service=sample-gateway&'
              weight: 100
      - match:
          path: /wild
        name: B1eCmxcX/xQ44MYKsaZEU7WFqFsae8v/C/SCaDgzRS0=
        route:
          clusterNotFoundResponseCode: INTERNAL_SERVER_ERROR
          idleTimeout: 5s
          weightedClusters:
            clusters:
            - name: backend-26cb64fa4e85e7b7
              requestHeadersToAdd:
              - header:
                  key: x-kuma-tags
                  value: '&kuma.io/service=sample-gateway&'
              weight: 100
      - match:
          prefix: /other-dev/
        name: RVX/EBgfhvvo7WfJD6AAQb6Wigywd2s44SjLyeBKRto=
        route:
          clusterNotFoundResponseCode: INTERNAL_SERVER_ERROR
          idleTimeout: 5s
          weightedClusters:
            clusters:
            - name: backend-26cb64fa4e85e7b7
              requestHeadersToAdd:
              - header:
                  key: x-kuma-tags
                  value: '&kuma.io/service=sample-gateway&'
              weight: 100
      - match:
          prefix: /wild-dev/
        name: lLLrCSPQjG+oW7yjjvonBacpsCv4C2frWuEcfTc4Eh0=
        route:
          clusterNotFoundResponseCode: INTERNAL_SERVER_ERROR
          idleTimeout: 5s
          weightedClusters:
            clusters:
            - name: backend-26cb64fa4e85e7b7
              requestHeadersToAdd:
              - header:
                  key: x-kuma-tags
                  value: '&kuma.io/service=sample-gateway&'
              weight: 100
      - match:
          prefix: /wild/
        name: B1eCmxcX/xQ44MYKsaZEU7WFqFsae8v/C/SCaDgzRS0=
        route:
          clusterNotFoundResponseCode: INTERNAL_SERVER_ERROR
          idleTimeout: 5s
          weightedClusters:
            clusters:
            - name: backend-26cb64fa4e85e7b7
              requestHeadersToAdd:
              - header:
                  key: x-kuma-tags
                  value: '&kuma.io/service=sample-gateway&'
              weight: 100
    - domains:
      - '*.dev'
      name: '*.dev'
      routes:
      - match:
          path: /wild-dev
        name: lLLrCSPQjG+oW7yjjvonBacpsCv4C2frWuEcfTc4Eh0=
        route:
          clusterNotFoundResponseCode: INTERNAL_SERVER_ERROR
          idleTimeout: 5s
          weightedClusters:
            clusters:
            - name: backend-26cb64fa4e85e7b7
              requestHeadersToAdd:
              - header:
                  key: x-kuma-tags
                  value: '&kuma.io/service=sample-gateway&'
              weight: 100
      - match:
          path: /wild
        name: B1eCmxcX/xQ44MYKsaZEU7WFqFsae8v/C/SCaDgzRS0=
        route:
          clusterNotFoundResponseCode: INTERNAL_SERVER_ERROR
          idleTimeout: 5s
          weightedClusters:
            clusters:
            - name: backend-26cb64fa4e85e7b7
              requestHeadersToAdd:
              - header:
                  key: x-kuma-tags
                  value: '&kuma.io/service=sample-gateway&'
              weight: 100
      - match:
          prefix: /wild-dev/
        name: lLLrCSPQjG+oW7yjjvonBacpsCv4C2frWuEcfTc4Eh0=
        route:
          clusterNotFoundResponseCode: INTERNAL_SERVER_ERROR
          idleTimeout: 5s
          weightedClusters:
            clusters:
            - name: backend-26cb64fa4e85e7b7
              requestHeadersToAdd:
              - header:
                  key: x-kuma-tags
                  value: '&kuma.io/service=sample-gateway&'
              weight: 100
      - match:
          prefix: /wild/
        name: B1eCmxcX/xQ44MYKsaZEU7WFqFsae8v/C/SCaDgzRS0=
        route:
          clusterNotFoundResponseCode: INTERNAL_SERVER_ERROR
          idleTimeout: 5s
          weightedClusters:
            clusters:
            - name: backend-26cb64fa4e85e7b7
              requestHeadersToAdd:
              - header:
                  key: x-kuma-tags
                  value: '&kuma.io/service=sample-gateway&'
              weight: 100
    - domains:
      - '*'
      name: '*'
      routes:
      - match:
          path: /wild
        name: B1eCmxcX/xQ44MYKsaZEU7WFqFsae8v/C/SCaDgzRS0=
        route:
          clusterNotFoundResponseCode: INTERNAL_SERVER_ERROR
          idleTimeout: 5s
          weightedClusters:
            clusters:
            - name: backend-26cb64fa4e85e7b7
              requestHeadersToAdd:
              - header:
                  key: x-kuma-tags
                  value: '&kuma.io/service=sample-gateway&'
              weight: 100
      - match:
          prefix: /wild/
        name: B1eCmxcX/xQ44MYKsaZEU7WFqFsae8v/C/SCaDgzRS0=
        route:
          clusterNotFoundResponseCode: INTERNAL_SERVER_ERROR
          idleTimeout: 5s
          weightedClusters:
            clusters:
            - name: backend-26cb64fa4e85e7b7
              requestHeadersToAdd:
              - header:
                  key: x-kuma-tags
                  value: '&kuma.io/service=sample-gateway&'
              weight: 100
- name: sample-gateway:HTTP:8081:*
  resource:
    '@type': type.googleapis.com/envoy.config.route.v3.RouteConfiguration
    ignorePortInHostMatching: true
    name: sample-gateway:HTTP:8081:*
    requestHeadersToRemove:
    - x-kuma-tags
    validateClusters: false
    virtualHosts:
    - domains:
      - go.dev
      name: go.dev
      routes:
      - match:
          path: /wild-dev
        name: lLLrCSPQjG+oW7yjjvonBacpsCv4C2frWuEcfTc4Eh0=
        route:
          clusterNotFoundResponseCode: INTERNAL_SERVER_ERROR
          idleTimeout: 5s
          weightedClusters:
            clusters:
            - name: backend-26cb64fa4e85e7b7
              requestHeadersToAdd:
              - header:
                  key: x-kuma-tags
                  value: '&kuma.io/service=sample-gateway&'
              weight: 100
      - match:
          path: /go-dev
        name: 4+68EKCHui5s6csAInUo5tlEIKluTe170NtisyhQWFQ=
        route:
          clusterNotFoundResponseCode: INTERNAL_SERVER_ERROR
          idleTimeout: 5s
          weightedClusters:
            clusters:
            - name: backend-26cb64fa4e85e7b7
              requestHeadersToAdd:
              - header:
                  key: x-kuma-tags
                  value: '&kuma.io/service=sample-gateway&'
              weight: 100
      - match:
          path: /wild
        name: B1eCmxcX/xQ44MYKsaZEU7WFqFsae8v/C/SCaDgzRS0=
        route:
          clusterNotFoundResponseCode: INTERNAL_SERVER_ERROR
          idleTimeout: 5s
          weightedClusters:
            clusters:
            - name: backend-26cb64fa4e85e7b7
              requestHeadersToAdd:
              - header:
                  key: x-kuma-tags
                  value: '&kuma.io/service=sample-gateway&'
              weight: 100
      - match:
          prefix: /wild-dev/
        name: lLLrCSPQjG+oW7yjjvonBacpsCv4C2frWuEcfTc4Eh0=
        route:
          clusterNotFoundResponseCode: INTERNAL_SERVER_ERROR
          idleTimeout: 5s
          weightedClusters:
            clusters:
            - name: backend-26cb64fa4e85e7b7
              requestHeadersToAdd:
              - header:
                  key: x-kuma-tags
                  value: '&kuma.io/service=sample-gateway&'
              weight: 100
      - match:
          prefix: /go-dev/
        name: 4+68EKCHui5s6csAInUo5tlEIKluTe170NtisyhQWFQ=
        route:
          clusterNotFoundResponseCode: INTERNAL_SERVER_ERROR
          idleTimeout: 5s
          weightedClusters:
            clusters:
            - name: backend-26cb64fa4e85e7b7
              requestHeadersToAdd:
              - header:
                  key: x-kuma-tags
                  value: '&kuma.io/service=sample-gateway&'
              weight: 100
      - match:
          prefix: /wild/
        name: B1eCmxcX/xQ44MYKsaZEU7WFqFsae8v/C/SCaDgzRS0=
        route:
          clusterNotFoundResponseCode: INTERNAL_SERVER_ERROR
          idleTimeout: 5s
          weightedClusters:
            clusters:
            - name: backend-26cb64fa4e85e7b7
              requestHeadersToAdd:
              - header:
                  key: x-kuma-tags
                  value: '&kuma.io/service=sample-gateway&'
              weight: 100
- name: sample-gateway:HTTP:8082:*
  resource:
    '@type': type.googleapis.com/envoy.config.route.v3.RouteConfiguration
    ignorePortInHostMatching: true
    name: sample-gateway:HTTP:8082:*
    requestHeadersToRemove:
    - x-kuma-tags
    validateClusters: false
    virtualHosts:
    - domains:
      - go.dev
      name: go.dev
      routes:
      - match:
          path: /wild-dev
        name: lLLrCSPQjG+oW7yjjvonBacpsCv4C2frWuEcfTc4Eh0=
        route:
          clusterNotFoundResponseCode: INTERNAL_SERVER_ERROR
          idleTimeout: 5s
          weightedClusters:
            clusters:
            - name: backend-26cb64fa4e85e7b7
              requestHeadersToAdd:
              - header:
                  key: x-kuma-tags
                  value: '&kuma.io/service=sample-gateway&'
              weight: 100
      - match:
          path: /go-dev
        name: 4+68EKCHui5s6csAInUo5tlEIKluTe170NtisyhQWFQ=
        route:
          clusterNotFoundResponseCode: INTERNAL_SERVER_ERROR
          idleTimeout: 5s
          weightedClusters:
            clusters:
            - name: backend-26cb64fa4e85e7b7
              requestHeadersToAdd:
              - header:
                  key: x-kuma-tags
                  value: '&kuma.io/service=sample-gateway&'
              weight: 100
      - match:
          path: /wild
        name: B1eCmxcX/xQ44MYKsaZEU7WFqFsae8v/C/SCaDgzRS0=
        route:
          clusterNotFoundResponseCode: INTERNAL_SERVER_ERROR
          idleTimeout: 5s
          weightedClusters:
            clusters:
            - name: backend-26cb64fa4e85e7b7
              requestHeadersToAdd:
              - header:
                  key: x-kuma-tags
                  value: '&kuma.io/service=sample-gateway&'
              weight: 100
      - match:
          prefix: /wild-dev/
        name: lLLrCSPQjG+oW7yjjvonBacpsCv4C2frWuEcfTc4Eh0=
        route:
          clusterNotFoundResponseCode: INTERNAL_SERVER_ERROR
          idleTimeout: 5s
          weightedClusters:
            clusters:
            - name: backend-26cb64fa4e85e7b7
              requestHeadersToAdd:
              - header:
                  key: x-kuma-tags
                  value: '&kuma.io/service=sample-gateway&'
              weight: 100
      - match:
          prefix: /go-dev/
        name: 4+68EKCHui5s6csAInUo5tlEIKluTe170NtisyhQWFQ=
        route:
          clusterNotFoundResponseCode: INTERNAL_SERVER_ERROR
          idleTimeout: 5s
          weightedClusters:
            clusters:
            - name: backend-26cb64fa4e85e7b7
              requestHeadersToAdd:
              - header:
                  key: x-kuma-tags
                  value: '&kuma.io/service=sample-gateway&'
              weight: 100
      - match:
          prefix: /wild/
        name: B1eCmxcX/xQ44MYKsaZEU7WFqFsae8v/C/SCaDgzRS0=
        route:
          clusterNotFoundResponseCode: INTERNAL_SERVER_ERROR
          idleTimeout: 5s
          weightedClusters:
            clusters:
            - name: backend-26cb64fa4e85e7b7
              requestHeadersToAdd:
              - header:
                  key: x-kuma-tags
                  value: '&kuma.io/service=sample-gateway&'
              weight: 100
    - domains:
      - other.dev
      name: other.dev
      routes:
      - match:
          path: /other-dev
        name: RVX/EBgfhvvo7WfJD6AAQb6Wigywd2s44SjLyeBKRto=
        route:
          clusterNotFoundResponseCode: INTERNAL_SERVER_ERROR
          idleTimeout: 5s
          weightedClusters:
            clusters:
            - name: backend-26cb64fa4e85e7b7
              requestHeadersToAdd:
              - header:
                  key: x-kuma-tags
                  value: '&kuma.io/service=sample-gateway&'
              weight: 100
      - match:
          path: /wild-dev
        name: lLLrCSPQjG+oW7yjjvonBacpsCv4C2frWuEcfTc4Eh0=
        route:
          clusterNotFoundResponseCode: INTERNAL_SERVER_ERROR
          idleTimeout: 5s
          weightedClusters:
            clusters:
            - name: backend-26cb64fa4e85e7b7
              requestHeadersToAdd:
              - header:
                  key: x-kuma-tags
                  value: '&kuma.io/service=sample-gateway&'
              weight: 100
      - match:
          path: /wild
        name: B1eCmxcX/xQ44MYKsaZEU7WFqFsae8v/C/SCaDgzRS0=
        route:
          clusterNotFoundResponseCode: INTERNAL_SERVER_ERROR
          idleTimeout: 5s
          weightedClusters:
            clusters:
            - name: backend-26cb64fa4e85e7b7
              requestHeadersToAdd:
              - header:
                  key: x-kuma-tags
                  value: '&kuma.io/service=sample-gateway&'
              weight: 100
      - match:
          prefix: /other-dev/
        name: RVX/EBgfhvvo7WfJD6AAQb6Wigywd2s44SjLyeBKRto=
        route:
          clusterNotFoundResponseCode: INTERNAL_SERVER_ERROR
          idleTimeout: 5s
          weightedClusters:
            clusters:
            - name: backend-26cb64fa4e85e7b7
              requestHeadersToAdd:
              - header:
                  key: x-kuma-tags
                  value: '&kuma.io/service=sample-gateway&'
              weight: 100
      - match:
          prefix: /wild-dev/
        name: lLLrCSPQjG+oW7yjjvonBacpsCv4C2frWuEcfTc4Eh0=
        route:
          clusterNotFoundResponseCode: INTERNAL_SERVER_ERROR
          idleTimeout: 5s
          weightedClusters:
            clusters:
            - name: backend-26cb64fa4e85e7b7
              requestHeadersToAdd:
              - header:
                  key: x-kuma-tags
                  value: '&kuma.io/service=sample-gateway&'
              weight: 100
      - match:
          prefix: /wild/
        name: B1eCmxcX/xQ44MYKsaZEU7WFqFsae8v/C/SCaDgzRS0=
        route:
          clusterNotFoundResponseCode: INTERNAL_SERVER_ERROR
          idleTimeout: 5s
          weightedClusters:
            clusters:
            - name: backend-26cb64fa4e85e7b7
              requestHeadersToAdd:
              - header:
                  key: x-kuma-tags
                  value: '&kuma.io/service=sample-gateway&'
              weight: 100
    - domains:
      - '*.dev'
      name: '*.dev'
      routes:
      - match:
          path: /wild-dev
        name: lLLrCSPQjG+oW7yjjvonBacpsCv4C2frWuEcfTc4Eh0=
        route:
          clusterNotFoundResponseCode: INTERNAL_SERVER_ERROR
          idleTimeout: 5s
          weightedClusters:
            clusters:
            - name: backend-26cb64fa4e85e7b7
              requestHeadersToAdd:
              - header:
                  key: x-kuma-tags
                  value: '&kuma.io/service=sample-gateway&'
              weight: 100
      - match:
          path: /wild
        name: B1eCmxcX/xQ44MYKsaZEU7WFqFsae8v/C/SCaDgzRS0=
        route:
          clusterNotFoundResponseCode: INTERNAL_SERVER_ERROR
          idleTimeout: 5s
          weightedClusters:
            clusters:
            - name: backend-26cb64fa4e85e7b7
              requestHeadersToAdd:
              - header:
                  key: x-kuma-tags
                  value: '&kuma.io/service=sample-gateway&'
              weight: 100
      - match:
          prefix: /wild-dev/
        name: lLLrCSPQjG+oW7yjjvonBacpsCv4C2frWuEcfTc4Eh0=
        route:
          clusterNotFoundResponseCode: INTERNAL_SERVER_ERROR
          idleTimeout: 5s
          weightedClusters:
            clusters:
            - name: backend-26cb64fa4e85e7b7
              requestHeadersToAdd:
              - header:
                  key: x-kuma-tags
                  value: '&kuma.io/service=sample-gateway&'
              weight: 100
      - match:
          prefix: /wild/
        name: B1eCmxcX/xQ44MYKsaZEU7WFqFsae8v/C/SCaDgzRS0=
        route:
          clusterNotFoundResponseCode: INTERNAL_SERVER_ERROR
          idleTimeout: 5s
          weightedClusters:
            clusters:
            - name: backend-26cb64fa4e85e7b7
              requestHeadersToAdd:
              - header:
                  key: x-kuma-tags
                  value: '&kuma.io/service=sample-gateway&'
              weight: 100
