resources:
- name: example
  resource:
    '@type': type.googleapis.com/envoy.config.cluster.v3.Cluster
    dnsLookupFamily: V4_ONLY
    loadAssignment:
      clusterName: example
      endpoints:
      - lbEndpoints:
        - endpoint:
            address:
              socketAddress:
                address: example.com
                portValue: 10000
          loadBalancingWeight: 1
    name: example
    transportSocketMatches:
    - match: {}
      name: example.com
      transportSocket:
        name: envoy.transport_sockets.tls
        typedConfig:
          '@type': type.googleapis.com/envoy.extensions.transport_sockets.tls.v3.UpstreamTlsContext
          commonTlsContext:
            tlsCertificates:
            - certificateChain:
                inlineBytes: Y2VydA==
              privateKey:
                inlineBytes: a2V5
            validationContext:
              matchTypedSubjectAltNames:
              - matcher:
                  exact: example2.com
                sanType: DNS
              - matcher:
                  exact: example2.com
                sanType: IP_ADDRESS
              - matcher:
                  prefix: example
                sanType: DNS
              - matcher:
                  exact: example2.com
                sanType: DNS
              - matcher:
                  prefix: example
                sanType: IP_ADDRESS
              - matcher:
                  exact: example2.com
                sanType: IP_ADDRESS
              trustedCa:
                inlineBytes: Y2E=
          sni: example2.com
    type: STRICT_DNS
    typedExtensionProtocolOptions:
      envoy.extensions.upstreams.http.v3.HttpProtocolOptions:
        '@type': type.googleapis.com/envoy.extensions.upstreams.http.v3.HttpProtocolOptions
        explicitHttpConfig:
          httpProtocolOptions: {}
