connectTimeout: 5s
name: other-service
typedExtensionProtocolOptions:
  envoy.extensions.upstreams.http.v3.HttpProtocolOptions:
    '@type': type.googleapis.com/envoy.extensions.upstreams.http.v3.HttpProtocolOptions
    commonHttpProtocolOptions:
      idleTimeout: 3600s
      maxConnectionDuration: 0s
      maxStreamDuration: 0s
