{
 "type": "MeshMultiZoneService",
 "mesh": "default",
 "name": "redis",
 "creationTime": "0001-01-01T00:00:00Z",
 "modificationTime": "0001-01-01T00:00:00Z",
 "labels": {
  "kuma.io/env": "universal",
  "kuma.io/mesh": "default",
  "kuma.io/origin": "zone",
  "kuma.io/zone": "default"
 },
 "spec": {
  "selector": {
   "meshService": {
    "matchLabels": {
     "app": "redis"
    }
   }
  },
  "ports": [
   {
    "name": "6379",
    "port": 6379,
    "appProtocol": "tcp"
   }
  ]
 },
 "status": {}
}
