{
 "type": "/std-errors",
 "status": 400,
 "title": "Bad Request",
 "detail": "invalid MeshTrafficPermission object: \"json: cannot unmarshal number into Go struct field TargetRef.spec.targetRef.name of type string\"",
 "details": "invalid MeshTrafficPermission object: \"json: cannot unmarshal number into Go struct field TargetRef.spec.targetRef.name of type string\""
}
