{
 "warnings": [
  "Mesh type resource \"new-mesh\" has the following fields deprecations: "
 ]
}
